// Jest Snapshot v1, https://goo.gl/fbAQLP

exports[`should render ExpenseList correctly 1`] = `
<div>
  <Connect(ExpenseListItem)
    amount={234}
    createdAt={0}
    description="Rent"
    id="1"
    note=""
  />
  <Connect(ExpenseListItem)
    amount={100}
    createdAt={-345600000}
    description="Create card"
    id="2"
    note=""
  />
  <Connect(ExpenseListItem)
    amount={4000}
    createdAt={-345600000}
    description="Gum"
    id="3"
    note=""
  />
</div>
`;

exports[`should render ExpenseList with empty message 1`] = `
<div>
  <p>
    No expenses
  </p>
</div>
`;
